rectangle (656,113) (704,144)           /CDI/products/products.htm
rectangle (641,316) (676,347)           /CDI/files/pub/
rectangle (715,114) (762,160)           /CDI/other/other.htm
rectangle (641,279) (676,309)           /CDI/ftp/sun/sun.htm
rectangle (641,245) (674,273)           /CDI/ftp/os9/os9.htm
rectangle (642,208) (675,237)           /CDI/ftp/pc/pc.htm
rectangle (642,172) (675,201)           /CDI/ftp/mac/mac.htm
rectangle (573,207) (605,228)           /CDI/tutor/books/books.htm
rectangle (570,172) (613,198)           /CDI/tutor/training/training.htm
rectangle (497,537) (558,565)           /CDI/hardware/cables/cables.htm
rectangle (498,502) (530,530)           /CDI/hardware/hd/hd.htm
rectangle (496,463) (540,494)           /CDI/hardware/tapedev/tapedev.htm
rectangle (497,428) (553,458)           /CDI/hardware/e2emu/e2emu.htm
rectangle (496,389) (552,420)           /CDI/hardware/e1emu/e1emu.htm
rectangle (496,355) (541,382)           /CDI/hardware/inputdev/inputdev.htm
rectangle (496,321) (544,349)           /CDI/hardware/encoders/encoders.htm
rectangle (496,283) (547,314)           /CDI/hardware/i2m/i2m.htm
rectangle (495,246) (547,274)           /CDI/hardware/recorder/recorder.htm
rectangle (496,209) (547,238)           /CDI/hardware/conplayr/conplayr.htm
rectangle (496,171) (547,201)           /CDI/hardware/proplayr/proplayr.htm
rectangle (419,363) (472,391)           /CDI/hardware/e2emu/e2emu.htm
rectangle (419,327) (472,355)           /CDI/hardware/e1emu/e1emu.htm
rectangle (418,282) (470,320)           /CDI/recordng/dt/dt.htm
rectangle (416,245) (469,274)           /CDI/recordng/cditwin/cditwin.htm
rectangle (415,206) (468,237)           /CDI/recordng/cditmac/cditmac.htm
rectangle (415,170) (462,198)           /CDI/recordng/cdrecord/cdrecord.htm
rectangle (341,434) (375,463)           /CDI/encoding/ep/ep.htm
rectangle (341,398) (374,427)           /CDI/avconv/a2m/a2m.htm
rectangle (335,360) (380,390)           /CDI/avconv/fcatcher/fcatcher.htm
rectangle (339,327) (387,353)           /CDI/avconv/imgmaker/imgmaker.htm
rectangle (335,288) (380,319)           /CDI/avconv/sun_cu/sun_cu.htm
rectangle (337,250) (386,279)           /CDI/avconv/animstak/animstak.htm
rectangle (337,213) (378,242)           /CDI/avconv/audstak/audstak.htm
rectangle (340,174) (392,204)           /CDI/avconv/ms/ms.htm
rectangle (272,492) (307,528)           /CDI/avconv/avconv.htm
rectangle (269,456) (309,485)           /CDI/encoding/verifier/verifier.htm
rectangle (273,420) (306,448)           /CDI/encoding/ep/ep.htm
rectangle (273,384) (306,413)           /CDI/avconv/a2m/a2m.htm
rectangle (273,348) (306,377)           /CDI/encoding/pink/pink.htm
rectangle (273,312) (306,340)           /CDI/encoding/dvs/dvs.htm
rectangle (273,276) (306,305)           /CDI/encoding/dv20/dv20.htm
rectangle (269,241) (311,268)           /CDI/encoding/dv10/dv10.htm
rectangle (268,206) (310,233)           /CDI/encoding/deltavc/deltavc.htm
rectangle (269,172) (313,199)           /CDI/encoding/deltavx/deltavx.htm
rectangle (200,352) (236,388)           /CDI/avconv/avconv.htm
rectangle (201,316) (233,345)           /CDI/cdi/fonts/fonts.htm
rectangle (201,281) (235,310)           /CDI/cpro/nird/nird.htm
rectangle (200,243) (245,274)           /CDI/cpro/xcomp/xcomp.htm
rectangle (200,207) (234,236)           /CDI/cpro/cdilibs/cdilibs.htm
rectangle (201,171) (235,199)           /CDI/cpro/balboa/balboa.htm
rectangle (127,247) (176,276)           /CDI/hardware/hardware.htm
rectangle (132,211) (164,240)           /CDI/vcd/vcd2x/vcd2x.htm
rectangle (131,174) (163,202)           /CDI/vcd/vcd1x/vcd1x.htm
rectangle (187,1) (268,35)              /CDI/sitemap.htm
rectangle (61,430) (100,465)            /CDI/avconv/avconv.htm
rectangle (62,394) (94,422)             /CDI/cdi/fonts/fonts.htm
rectangle (57,358) (109,387)            /CDI/hardware/hardware.htm
rectangle (57,322) (107,353)            /CDI/cdi/showmstr/showmstr.htm
rectangle (58,286) (105,314)            /CDI/cdi/playback/playback.htm
rectangle (58,249) (97,279)             /CDI/cdi/plugins/plugins.htm
rectangle (38,206) (102,241)            /CDI/cdi/s2d/s2d.htm
rectangle (63,169) (96,200)             /CDI/cdi/mm/mm.htm
rectangle (505,1) (576,63)              /CDI/cdi/hotnews.htm
rectangle (414,2) (487,57)              mailto:cdprosupport@pmpro.com
rectangle (298,35) (392,82)             /CDI/cdi/support.htm 
rectangle (185,41) (270,86)             /CDI/cdi/supline.htm
rectangle (598,115) (643,144)           /CDI/cdi/ftp/ftp.html
rectangle (534,114) (579,144)           /CDI/cdi/tutor/tutor.htm
rectangle (456,114) (504,144)           /CDI/cdi/hardware/hardware.htm
rectangle (376,114) (427,144)           /CDI/cdi/recordng/recordng.htm
rectangle (290,114) (353,141)           /CDI/cdi/avconv/avconv.htm
rectangle (233,114) (278,144)           /CDI/cdi/encoding/encoding.htm
rectangle (152,115) (220,144)           /CDI/cdi/cprog/cpro.htm
rectangle (89,114) (138,144)            /CDI/cdi/vcd/vcd.htm
rectangle (2,115) (51,147)              /CDI/cdi/cdi/cdi.htm
